<?xml version="1.0" encoding="UTF-8"?>
<testsuites tests="7" failures="0" errors="0" skipped="0">
  <testsuite name="Verify the global navigation menu across all pages" timestamp="2025-10-23T15:31:20" time="115.735" tests="7" failures="0" errors="0" skipped="0">
    <properties>
      <property name="specId" value="0"/>
      <property name="suiteName" value="Verify the global navigation menu across all pages"/>
      <property name="capabilities" value="chrome.141_0_7390_108.windows"/>
      <property name="file" value="file:///C:/Users/user/Desktop/task2EpamIntern/test/specs/menu.spec.js"/>
    </properties>
    <testcase classname="chrome.141_0_7390_108.windows.Verify_the_global_navigation_menu_across_all_pages" name="should display navigation menu on Home page" time="35.216">
      <system-out><![CDATA[
COMMAND: GET /session/93901692c909bf04564ca9345ea31aa6/element/f.BCBA05927C361FAB8AB0F81329E9E10B.d.E3B025047FF07BA130174F44F4B85133.e.26/css/display - {}
RESULT: {}
COMMAND: POST /session/93901692c909bf04564ca9345ea31aa6/element/f.BCBA05927C361FAB8AB0F81329E9E10B.d.E3B025047FF07BA130174F44F4B85133.e.26/click - {}
RESULT: {}
COMMAND: GET /session/93901692c909bf04564ca9345ea31aa6/title - {}
RESULT: {}
COMMAND: GET /session/93901692c909bf04564ca9345ea31aa6/element/f.BCBA05927C361FAB8AB0F81329E9E10B.d.E3B025047FF07BA130174F44F4B85133.e.30/css/display - {}
RESULT: {}
COMMAND: GET /session/93901692c909bf04564ca9345ea31aa6/element/f.BCBA05927C361FAB8AB0F81329E9E10B.d.E3B025047FF07BA130174F44F4B85133.e.30/css/display - {}
RESULT: {}
]]></system-out>
    </testcase>
    <testcase classname="chrome.141_0_7390_108.windows.Verify_the_global_navigation_menu_across_all_pages" name="should display navigation menu on Insights page" time="25.425">
      <system-out><![CDATA[
COMMAND: GET /session/93901692c909bf04564ca9345ea31aa6/title - {}
RESULT: {}
COMMAND: GET /session/93901692c909bf04564ca9345ea31aa6/element/f.BCBA05927C361FAB8AB0F81329E9E10B.d.867C0DA54CA7E5002F6307FE756AA99C.e.45/css/display - {}
RESULT: {}
COMMAND: GET /session/93901692c909bf04564ca9345ea31aa6/element/f.BCBA05927C361FAB8AB0F81329E9E10B.d.867C0DA54CA7E5002F6307FE756AA99C.e.45/css/display - {}
RESULT: {}
]]></system-out>
    </testcase>
    <testcase classname="chrome.141_0_7390_108.windows.Verify_the_global_navigation_menu_across_all_pages" name="should display navigation menu on Services page" time="14.507">
      <system-out><![CDATA[
COMMAND: GET /session/93901692c909bf04564ca9345ea31aa6/title - {}
RESULT: {}
COMMAND: GET /session/93901692c909bf04564ca9345ea31aa6/element/f.BCBA05927C361FAB8AB0F81329E9E10B.d.C25CA1C7FF70E15059A092978EA2A754.e.57/css/display - {}
RESULT: {}
COMMAND: GET /session/93901692c909bf04564ca9345ea31aa6/element/f.BCBA05927C361FAB8AB0F81329E9E10B.d.C25CA1C7FF70E15059A092978EA2A754.e.57/css/display - {}
RESULT: {}
]]></system-out>
    </testcase>
    <testcase classname="chrome.141_0_7390_108.windows.Verify_the_global_navigation_menu_across_all_pages" name="should display navigation menu on Industries page" time="7.629">
      <system-out><![CDATA[
COMMAND: GET /session/93901692c909bf04564ca9345ea31aa6/title - {}
RESULT: {}
COMMAND: GET /session/93901692c909bf04564ca9345ea31aa6/element/f.BCBA05927C361FAB8AB0F81329E9E10B.d.B65D5D3CCA769CC68AE19BBDFD2F65A2.e.69/css/display - {}
RESULT: {}
COMMAND: GET /session/93901692c909bf04564ca9345ea31aa6/element/f.BCBA05927C361FAB8AB0F81329E9E10B.d.B65D5D3CCA769CC68AE19BBDFD2F65A2.e.69/css/display - {}
RESULT: {}
]]></system-out>
    </testcase>
    <testcase classname="chrome.141_0_7390_108.windows.Verify_the_global_navigation_menu_across_all_pages" name="should display navigation menu on About page" time="8.588">
      <system-out><![CDATA[
COMMAND: GET /session/93901692c909bf04564ca9345ea31aa6/title - {}
RESULT: {}
COMMAND: GET /session/93901692c909bf04564ca9345ea31aa6/element/f.BCBA05927C361FAB8AB0F81329E9E10B.d.3E26A31DD9AE07FE1DA8788F15041A27.e.89/css/display - {}
RESULT: {}
COMMAND: GET /session/93901692c909bf04564ca9345ea31aa6/element/f.BCBA05927C361FAB8AB0F81329E9E10B.d.3E26A31DD9AE07FE1DA8788F15041A27.e.89/css/display - {}
RESULT: {}
]]></system-out>
    </testcase>
    <testcase classname="chrome.141_0_7390_108.windows.Verify_the_global_navigation_menu_across_all_pages" name="should display navigation menu on Careers page" time="13.076">
      <system-out><![CDATA[
COMMAND: GET /session/93901692c909bf04564ca9345ea31aa6/title - {}
RESULT: {}
COMMAND: GET /session/93901692c909bf04564ca9345ea31aa6/element/f.BCBA05927C361FAB8AB0F81329E9E10B.d.EDE62AE88D1D9C7686BE5E96E22BFEA1.e.117/css/display - {}
RESULT: {}
COMMAND: GET /session/93901692c909bf04564ca9345ea31aa6/element/f.BCBA05927C361FAB8AB0F81329E9E10B.d.EDE62AE88D1D9C7686BE5E96E22BFEA1.e.117/css/display - {}
RESULT: {}
]]></system-out>
    </testcase>
    <testcase classname="chrome.141_0_7390_108.windows.Verify_the_global_navigation_menu_across_all_pages" name="should navigate to Insights page" time="11.275">
      <system-out><![CDATA[
COMMAND: GET /session/93901692c909bf04564ca9345ea31aa6/title - {}
RESULT: {}
COMMAND: GET /session/93901692c909bf04564ca9345ea31aa6/url - {}
RESULT: {}
COMMAND: GET /session/93901692c909bf04564ca9345ea31aa6/title - {}
RESULT: {}
COMMAND: DELETE /session/93901692c909bf04564ca9345ea31aa6 - {}
RESULT: {}
]]></system-out>
    </testcase>
  </testsuite>
</testsuites>