<?xml version="1.0" encoding="UTF-8"?>
<testsuites tests="3" failures="0" errors="0" skipped="0">
  <testsuite name="Verify language translation feature" timestamp="2025-11-03T04:42:40" time="43.847" tests="3" failures="0" errors="0" skipped="0">
    <properties>
      <property name="specId" value="0"/>
      <property name="suiteName" value="Verify language translation feature"/>
      <property name="capabilities" value="chrome.142_0_7444_60.windows"/>
      <property name="file" value="file:///C:/Users/user/Desktop/task2EpamIntern/src/specs/language.spec.js"/>
    </properties>
    <testcase classname="chrome.142_0_7444_60.windows.Verify_language_translation_feature" name="should open language selector and display available languages" time="9.743">
      <system-out><![CDATA[
COMMAND: POST /session/c3ab37fc7d04efcd9ff4323cbf2d2810/window/rect - {"x":null,"y":null,"width":1920,"height":1080}
RESULT: {"x":null,"y":null,"width":1920,"height":1080}
COMMAND: GET /session/c3ab37fc7d04efcd9ff4323cbf2d2810/element/f.04B2E630E2903830B5A41B3784F17880.d.B7567791A7D341F0E3C0E355F0D5989E.e.21/css/display - {}
RESULT: {}
COMMAND: POST /session/c3ab37fc7d04efcd9ff4323cbf2d2810/element/f.04B2E630E2903830B5A41B3784F17880.d.B7567791A7D341F0E3C0E355F0D5989E.e.21/click - {}
RESULT: {}
COMMAND: GET /session/c3ab37fc7d04efcd9ff4323cbf2d2810/title - {}
COMMAND: GET /session/c3ab37fc7d04efcd9ff4323cbf2d2810/element/f.04B2E630E2903830B5A41B3784F17880.d.B7567791A7D341F0E3C0E355F0D5989E.e.22/css/display - {}
RESULT: {}
RESULT: {}
COMMAND: GET /session/c3ab37fc7d04efcd9ff4323cbf2d2810/element/f.04B2E630E2903830B5A41B3784F17880.d.B7567791A7D341F0E3C0E355F0D5989E.e.26/css/display - {}
RESULT: {}
]]></system-out>
    </testcase>
    <testcase classname="chrome.142_0_7444_60.windows.Verify_language_translation_feature" name="should contain Polska Polski in the language list" time="11.157">
      <system-out><![CDATA[
COMMAND: POST /session/c3ab37fc7d04efcd9ff4323cbf2d2810/window/rect - {"x":null,"y":null,"width":1920,"height":1080}
RESULT: {"x":null,"y":null,"width":1920,"height":1080}
COMMAND: GET /session/c3ab37fc7d04efcd9ff4323cbf2d2810/title - {}
COMMAND: GET /session/c3ab37fc7d04efcd9ff4323cbf2d2810/element/f.04B2E630E2903830B5A41B3784F17880.d.A7E6F6CF1E35FBA5FB424FEB8D682AB9.e.49/css/display - {}
RESULT: {}
RESULT: {}
COMMAND: POST /session/c3ab37fc7d04efcd9ff4323cbf2d2810/element/f.04B2E630E2903830B5A41B3784F17880.d.A7E6F6CF1E35FBA5FB424FEB8D682AB9.e.50/click - {}
RESULT: {}
COMMAND: GET /session/c3ab37fc7d04efcd9ff4323cbf2d2810/element/f.04B2E630E2903830B5A41B3784F17880.d.A7E6F6CF1E35FBA5FB424FEB8D682AB9.e.53/text - {}
RESULT: {}
COMMAND: GET /session/c3ab37fc7d04efcd9ff4323cbf2d2810/element/f.04B2E630E2903830B5A41B3784F17880.d.A7E6F6CF1E35FBA5FB424FEB8D682AB9.e.54/text - {}
RESULT: {}
COMMAND: GET /session/c3ab37fc7d04efcd9ff4323cbf2d2810/element/f.04B2E630E2903830B5A41B3784F17880.d.A7E6F6CF1E35FBA5FB424FEB8D682AB9.e.55/text - {}
RESULT: {}
COMMAND: GET /session/c3ab37fc7d04efcd9ff4323cbf2d2810/element/f.04B2E630E2903830B5A41B3784F17880.d.A7E6F6CF1E35FBA5FB424FEB8D682AB9.e.56/text - {}
RESULT: {}
COMMAND: GET /session/c3ab37fc7d04efcd9ff4323cbf2d2810/element/f.04B2E630E2903830B5A41B3784F17880.d.A7E6F6CF1E35FBA5FB424FEB8D682AB9.e.57/text - {}
RESULT: {}
COMMAND: GET /session/c3ab37fc7d04efcd9ff4323cbf2d2810/element/f.04B2E630E2903830B5A41B3784F17880.d.A7E6F6CF1E35FBA5FB424FEB8D682AB9.e.58/text - {}
RESULT: {}
COMMAND: GET /session/c3ab37fc7d04efcd9ff4323cbf2d2810/element/f.04B2E630E2903830B5A41B3784F17880.d.A7E6F6CF1E35FBA5FB424FEB8D682AB9.e.59/text - {}
RESULT: {}
COMMAND: GET /session/c3ab37fc7d04efcd9ff4323cbf2d2810/element/f.04B2E630E2903830B5A41B3784F17880.d.A7E6F6CF1E35FBA5FB424FEB8D682AB9.e.60/text - {}
RESULT: {}
COMMAND: GET /session/c3ab37fc7d04efcd9ff4323cbf2d2810/element/f.04B2E630E2903830B5A41B3784F17880.d.A7E6F6CF1E35FBA5FB424FEB8D682AB9.e.61/text - {}
RESULT: {}
COMMAND: GET /session/c3ab37fc7d04efcd9ff4323cbf2d2810/element/f.04B2E630E2903830B5A41B3784F17880.d.A7E6F6CF1E35FBA5FB424FEB8D682AB9.e.62/text - {}
RESULT: {}
COMMAND: GET /session/c3ab37fc7d04efcd9ff4323cbf2d2810/element/f.04B2E630E2903830B5A41B3784F17880.d.A7E6F6CF1E35FBA5FB424FEB8D682AB9.e.63/text - {}
RESULT: {}
]]></system-out>
    </testcase>
    <testcase classname="chrome.142_0_7444_60.windows.Verify_language_translation_feature" name="should change language to Deutsch and update page" time="22.939">
      <system-out><![CDATA[
COMMAND: POST /session/c3ab37fc7d04efcd9ff4323cbf2d2810/window/rect - {"x":null,"y":null,"width":1920,"height":1080}
RESULT: {"x":null,"y":null,"width":1920,"height":1080}
COMMAND: GET /session/c3ab37fc7d04efcd9ff4323cbf2d2810/title - {}
COMMAND: GET /session/c3ab37fc7d04efcd9ff4323cbf2d2810/element/f.04B2E630E2903830B5A41B3784F17880.d.B772230CE31912809E501231AEE28D57.e.76/css/display - {}
RESULT: {}
RESULT: {}
COMMAND: GET /session/c3ab37fc7d04efcd9ff4323cbf2d2810/element/f.04B2E630E2903830B5A41B3784F17880.d.B772230CE31912809E501231AEE28D57.e.78/css/display - {}
RESULT: {}
COMMAND: POST /session/c3ab37fc7d04efcd9ff4323cbf2d2810/element/f.04B2E630E2903830B5A41B3784F17880.d.B772230CE31912809E501231AEE28D57.e.78/click - {}
RESULT: {}
COMMAND: GET /session/c3ab37fc7d04efcd9ff4323cbf2d2810/url - {}
RESULT: {}
COMMAND: GET /session/c3ab37fc7d04efcd9ff4323cbf2d2810/url - {}
RESULT: {}
COMMAND: DELETE /session/c3ab37fc7d04efcd9ff4323cbf2d2810 - {}
RESULT: {}
]]></system-out>
    </testcase>
  </testsuite>
</testsuites>